TEST TEST MESS

git commit --amend --edit
 SEND HALPS

wow such winter
 much soon

SAVE MY SHITE ON TEH INTERNETS

000


nueve_000@GryffindorTower MINGW64 ~/Downloads/srs bzns/Research/git test (master)
$ git init
Initialized empty Git repository in C:/Users/nueve_000/Downloads/srs bzns/Research/git test/.git/

nueve_000@GryffindorTower MINGW64 ~/Downloads/srs bzns/Research/git test (master)
$ git add .

nueve_000@GryffindorTower MINGW64 ~/Downloads/srs bzns/Research/git test (master)
$ git commit -m "dyl: fts"
On branch master

Initial commit

Untracked files:
        test02.txt

nothing added to commit but untracked files present

nueve_000@GryffindorTower MINGW64 ~/Downloads/srs bzns/Research/git test (master)
$ git commit -m "dyl: fts"
On branch master

Initial commit

nothing to commit

nueve_000@GryffindorTower MINGW64 ~/Downloads/srs bzns/Research/git test (master)
$ git add .

nueve_000@GryffindorTower MINGW64 ~/Downloads/srs bzns/Research/git test (master)
$ git commit -m "dyl:fts"
[master (root-commit) dbb6d37] dyl:fts
 Committer: Diana Lee <Diana Lee>
Your name and email address were configured automatically based
on your username and hostname. Please check that they are accurate.
You can suppress this message by setting them explicitly. Run the
following command and follow the instructions in your editor to edit
your configuration file:

    git config --global --edit

After doing this, you may fix the identity used for this commit with:

    git commit --amend --reset-author

 1 file changed, 1 insertion(+)
 create mode 100644 text02.txt

nueve_000@GryffindorTower MINGW64 ~/Downloads/srs bzns/Research/git test (master)
$ git config --global --edit

nueve_000@GryffindorTower MINGW64 ~/Downloads/srs bzns/Research/git test (master)
$ ^C

nueve_000@GryffindorTower MINGW64 ~/Downloads/srs bzns/Research/git test (master)
$ git config --global --edit

nueve_000@GryffindorTower MINGW64 ~/Downloads/srs bzns/Research/git test (master)
$ git commit -m "dyl: dear fsm wtf"
On branch master
Changes not staged for commit:
        modified:   text02.txt

no changes added to commit

nueve_000@GryffindorTower MINGW64 ~/Downloads/srs bzns/Research/git test (master)
$ git commit -m "dyl: I HAS MADE THE CHANGES"
On branch master
Changes not staged for commit:
        modified:   text02.txt

no changes added to commit

nueve_000@GryffindorTower MINGW64 ~/Downloads/srs bzns/Research/git test (master)
$ git status
On branch master
Changes not staged for commit:
  (use "git add <file>..." to update what will be committed)
  (use "git checkout -- <file>..." to discard changes in working directory)

        modified:   text02.txt

no changes added to commit (use "git add" and/or "git commit -a")

nueve_000@GryffindorTower MINGW64 ~/Downloads/srs bzns/Research/git test (master)
$ git branch
* master

nueve_000@GryffindorTower MINGW64 ~/Downloads/srs bzns/Research/git test (master)
$ git log
commit dbb6d379a57fbd96b484d09f48ee0533fe569b04
Author: Diana Lee <Diana Lee>
Date:   Fri Jan 22 15:00:18 2016 -0800

    dyl:fts

nueve_000@GryffindorTower MINGW64 ~/Downloads/srs bzns/Research/git test (master)
$ git commit -m "dyl: I HAS MADE THE CHANGES"
On branch master
Changes not staged for commit:
        modified:   text02.txt

no changes added to commit

nueve_000@GryffindorTower MINGW64 ~/Downloads/srs bzns/Research/git test (master)
$

nueve_000@GryffindorTower MINGW64 ~/Downloads/srs bzns/Research/git test (master)
$ git add .
warning: CRLF will be replaced by LF in text02.txt.
The file will have its original line endings in your working directory.

nueve_000@GryffindorTower MINGW64 ~/Downloads/srs bzns/Research/git test (master)
$ git commit -m "dyl: I HAS MADE THE CHANGES"
[master warning: CRLF will be replaced by LF in text02.txt.
The file will have its original line endings in your working directory.
fbeadda] dyl: I HAS MADE THE CHANGES
warning: CRLF will be replaced by LF in text02.txt.
The file will have its original line endings in your working directory.
 1 file changed, 7 insertions(+), 1 deletion(-)

nueve_000@GryffindorTower MINGW64 ~/Downloads/srs bzns/Research/git test (master)
$ git branch
\* master

nueve_000@GryffindorTower MINGW64 ~/Downloads/srs bzns/Research/git test (master)
$ \git log
commit fbeaddafc286082547afb0699fa99ad2ac073da1
Author: Diana Lee <nuevecuervos@gmail.com>
Date:   Fri Jan 22 15:16:09 2016 -0800

    dyl: I HAS MADE THE CHANGES

commit dbb6d379a57fbd96b484d09f48ee0533fe569b04
Author: Diana Lee <Diana Lee>
Date:   Fri Jan 22 15:00:18 2016 -0800

    dyl:fts

nueve_000@GryffindorTower MINGW64 ~/Downloads/srs bzns/Research/git test (master)
$ git commit -m "dyl: moar changes"
On branch master
Changes not staged for commit:
        modified:   text02.txt

no changes added to commit

nueve_000@GryffindorTower MINGW64 ~/Downloads/srs bzns/Research/git test (master)
$ git log
commit fbeaddafc286082547afb0699fa99ad2ac073da1
Author: Diana Lee <nuevecuervos@gmail.com>
Date:   Fri Jan 22 15:16:09 2016 -0800

    dyl: I HAS MADE THE CHANGES

commit dbb6d379a57fbd96b484d09f48ee0533fe569b04
Author: Diana Lee <Diana Lee>
Date:   Fri Jan 22 15:00:18 2016 -0800

    dyl:fts

nueve_000@GryffindorTower MINGW64 ~/Downloads/srs bzns/Research/git test (master)
$ git commit -m "dyl: moar changes"
On branch master
Changes not staged for commit:
        modified:   text02.txt

no changes added to commit

nueve_000@GryffindorTower MINGW64 ~/Downloads/srs bzns/Research/git test (master)
$ git status
On branch master
Changes not staged for commit:
  (use "git add <file>..." to update what will be committed)
  (use "git checkout -- <file>..." to discard changes in working directory)

        modified:   text02.txt

no changes added to commit (use "git add" and/or "git commit -a")

nueve_000@GryffindorTower MINGW64 ~/Downloads/srs bzns/Research/git test (master)
$ git add text02.txt
warning: CRLF will be replaced by LF in text02.txt.
The file will have its original line endings in your working directory.

nueve_000@GryffindorTower MINGW64 ~/Downloads/srs bzns/Research/git test (master)
$ git status
warning: CRLF will be replaced by LF in text02.txt.
The file will have its original line endings in your working directory.
On branch master
Changes to be committed:
  (use "git reset HEAD <file>..." to unstage)

        modified:   text02.txt


nueve_000@GryffindorTower MINGW64 ~/Downloads/srs bzns/Research/git test (master)
$ git add .

nueve_000@GryffindorTower MINGW64 ~/Downloads/srs bzns/Research/git test (master)
$ git commit -m "dyl: text add"
[master warning: CRLF will be replaced by LF in text02.txt.
The file will have its original line endings in your working directory.
5748694] dyl: text add
warning: CRLF will be replaced by LF in text02.txt.
The file will have its original line endings in your working directory.
 1 file changed, 3 insertions(+), 1 deletion(-)

nueve_000@GryffindorTower MINGW64 ~/Downloads/srs bzns/Research/git test (master)
$ git status
On branch master
nothing to commit, working directory clean

nueve_000@GryffindorTower MINGW64 ~/Downloads/srs bzns/Research/git test (master)
$ git status
On branch master
Changes not staged for commit:
  (use "git add <file>..." to update what will be committed)
  (use "git checkout -- <file>..." to discard changes in working directory)

        modified:   text02.txt

no changes added to commit (use "git add" and/or "git commit -a")

nueve_000@GryffindorTower MINGW64 ~/Downloads/srs bzns/Research/git test (master)
$ git add .
warning: CRLF will be replaced by LF in text02.txt.
The file will have its original line endings in your working directory.

nueve_000@GryffindorTower MINGW64 ~/Downloads/srs bzns/Research/git test (master)
$ git commit -m "dyl: test 000"
[master warning: CRLF will be replaced by LF in text02.txt.
The file will have its original line endings in your working directory.
70d683f] dyl: test 000
warning: CRLF will be replaced by LF in text02.txt.
The file will have its original line endings in your working directory.
 1 file changed, 3 insertions(+), 1 deletion(-)

nueve_000@GryffindorTower MINGW64 ~/Downloads/srs bzns/Research/git test (master)
$ git log
commit 70d683fb3934aa2e7c97ad08ba109e02f9d85032
Author: Diana Lee <nuevecuervos@gmail.com>
Date:   Fri Jan 22 15:22:30 2016 -0800

    dyl: test 000

commit 5748694d28d332b112eec2ea58908b61cb4ab834
Author: Diana Lee <nuevecuervos@gmail.com>
Date:   Fri Jan 22 15:21:34 2016 -0800

    dyl: text add

commit fbeaddafc286082547afb0699fa99ad2ac073da1
Author: Diana Lee <nuevecuervos@gmail.com>
Date:   Fri Jan 22 15:16:09 2016 -0800

    dyl: I HAS MADE THE CHANGES

commit dbb6d379a57fbd96b484d09f48ee0533fe569b04
Author: Diana Lee <Diana Lee>
Date:   Fri Jan 22 15:00:18 2016 -0800

    dyl:fts

nueve_000@GryffindorTower MINGW64 ~/Downloads/srs bzns/Research/git test (master)
$ git status
On branch master
nothing to commit, working directory clean

nueve_000@GryffindorTower MINGW64 ~/Downloads/srs bzns/Research/git test (master)
$ git checkout ^C

nueve_000@GryffindorTower MINGW64 ~/Downloads/srs bzns/Research/git test (master)
$ git checkout fbeaddafc286082547afb0699fa99ad2ac073da1
Note: checking out 'fbeaddafc286082547afb0699fa99ad2ac073da1'.

You are in 'detached HEAD' state. You can look around, make experimental
changes and commit them, and you can discard any commits you make in this
state without impacting any branches by performing another checkout.

If you want to create a new branch to retain commits you create, you may
do so (now or later) by using -b with the checkout command again. Example:

  git checkout -b <new-branch-name>

HEAD is now at fbeadda... dyl: I HAS MADE THE CHANGES

nueve_000@GryffindorTower MINGW64 ~/Downloads/srs bzns/Research/git test ((fbeadda...))
$ git status
HEAD detached at fbeadda
nothing to commit, working directory clean

nueve_000@GryffindorTower MINGW64 ~/Downloads/srs bzns/Research/git test ((fbeadda...))
$ git log
commit fbeaddafc286082547afb0699fa99ad2ac073da1
Author: Diana Lee <nuevecuervos@gmail.com>
Date:   Fri Jan 22 15:16:09 2016 -0800

    dyl: I HAS MADE THE CHANGES

commit dbb6d379a57fbd96b484d09f48ee0533fe569b04
Author: Diana Lee <Diana Lee>
Date:   Fri Jan 22 15:00:18 2016 -0800

    dyl:fts

nueve_000@GryffindorTower MINGW64 ~/Downloads/srs bzns/Research/git test ((fbeadda...))
$ git reset --hard
HEAD is now at fbeadda dyl: I HAS MADE THE CHANGES

nueve_000@GryffindorTower MINGW64 ~/Downloads/srs bzns/Research/git test ((fbeadda...))
$ git log
commit fbeaddafc286082547afb0699fa99ad2ac073da1
Author: Diana Lee <nuevecuervos@gmail.com>
Date:   Fri Jan 22 15:16:09 2016 -0800

    dyl: I HAS MADE THE CHANGES

commit dbb6d379a57fbd96b484d09f48ee0533fe569b04
Author: Diana Lee <Diana Lee>
Date:   Fri Jan 22 15:00:18 2016 -0800

    dyl:fts

nueve_000@GryffindorTower MINGW64 ~/Downloads/srs bzns/Research/git test ((fbeadda...))
$ git status
HEAD detached at fbeadda
nothing to commit, working directory clean

nueve_000@GryffindorTower MINGW64 ~/Downloads/srs bzns/Research/git test ((fbeadda...))
$ git checkout master
Previous HEAD position was fbeadda... dyl: I HAS MADE THE CHANGES
Switched to branch 'master'

nueve_000@GryffindorTower MINGW64 ~/Downloads/srs bzns/Research/git test (master)
$ git status
On branch master
nothing to commit, working directory clean

nueve_000@GryffindorTower MINGW64 ~/Downloads/srs bzns/Research/git test (master)
$ git log
commit 70d683fb3934aa2e7c97ad08ba109e02f9d85032
Author: Diana Lee <nuevecuervos@gmail.com>
Date:   Fri Jan 22 15:22:30 2016 -0800

    dyl: test 000

commit 5748694d28d332b112eec2ea58908b61cb4ab834
Author: Diana Lee <nuevecuervos@gmail.com>
Date:   Fri Jan 22 15:21:34 2016 -0800

    dyl: text add

commit fbeaddafc286082547afb0699fa99ad2ac073da1
Author: Diana Lee <nuevecuervos@gmail.com>
Date:   Fri Jan 22 15:16:09 2016 -0800

    dyl: I HAS MADE THE CHANGES

commit dbb6d379a57fbd96b484d09f48ee0533fe569b04
Author: Diana Lee <Diana Lee>
Date:   Fri Jan 22 15:00:18 2016 -0800

    dyl:fts

nueve_000@GryffindorTower MINGW64 ~/Downloads/srs bzns/Research/git test (master)
$
